// Jest Snapshot v1, https://goo.gl/fbAQLP

exports[`AddExp matches snapshot 1`] = `
<Overlay
  onBackdropClick={[Function]}
>
  <form
    className="AddExp-container"
    onSubmit={[Function]}
  >
    <h1>
      Add Experience
    </h1>
    <field
      label="Title:"
      name="title"
      onChange={[Function]}
      placeholder="Software Developer"
      type="text"
    />
    <field
      label="Company:"
      name="company"
      onChange={[Function]}
      placeholder="Company name"
      type="text"
    />
    <field
      label="Location:"
      name="location"
      onChange={[Function]}
      placeholder="San Francisco, CA"
      type="text"
    />
    <field
      label="From:"
      name="from"
      onChange={[Function]}
      type="date"
    />
    <field
      label="To:"
      name="to"
      onChange={[Function]}
      type="date"
    />
    <field
      label="Current?"
      name="current"
      onChange={[Function]}
      type="checkbox"
    />
    <field
      label="Description"
      name="description"
      onChange={[Function]}
      rows="2"
      type="textarea"
    />
    <field
      label="Add"
      name="submit"
      type="submit"
    />
    <field
      label="Cancel"
      name="cancel"
      onClick={[Function]}
      type="button"
    />
  </form>
</Overlay>
`;
