// Jest Snapshot v1, https://goo.gl/fbAQLP

exports[`Bio matches snapshot 1`] = `
<section
  className="bio"
>
  <p
    className="header"
  >
    About Me:
  </p>
  <p>
    Some bio
  </p>
</section>
`;
