// Jest Snapshot v1, https://goo.gl/fbAQLP

exports[`UnfollowButton matches snapshot 1`] = `
<field
  containerStyle={
    Object {
      "margin": 0,
    }
  }
  onClick={[Function]}
  type="button"
>
  <span
    style={
      Object {
        "fontSize": ".8rem",
      }
    }
  >
    <FaUserMinus />
  </span>
  Â  Unfollow
</field>
`;
