// Jest Snapshot v1, https://goo.gl/fbAQLP

exports[`EndOfFeedMessage matches snapshot 1`] = `
<p
  className="Feed-message"
>
  You have reached the end of your feed
</p>
`;
