// Jest Snapshot v1, https://goo.gl/fbAQLP

exports[`FeedContent snapshots Route render-out matches snapshot 1`] = `
<Connect(CommentsView)
  history={
    Object {
      "action": "POP",
      "block": [Function],
      "createHref": [Function],
      "go": [Function],
      "goBack": [Function],
      "goForward": [Function],
      "length": 1,
      "listen": [Function],
      "location": Object {
        "hash": "",
        "pathname": "/",
        "search": "",
        "state": undefined,
      },
      "push": [Function],
      "replace": [Function],
    }
  }
  location={
    Object {
      "pathname": "/view-comments/5b9f4728bc40273febf52706",
    }
  }
  match={
    Object {
      "isExact": true,
      "params": Object {
        "postId": "5b9f4728bc40273febf52706",
      },
      "path": "/view-comments/:postId",
      "url": "/view-comments/5b9f4728bc40273febf52706",
    }
  }
  post={
    Object {
      "__v": 0,
      "_id": "5b9f4728bc40273febf52706",
      "comments": Array [
        Object {
          "_id": "5ba1dd77809c892f580240ef",
          "date": "2018-09-19T05:24:07.399Z",
          "text": "Hahahahahahahaaa!",
          "user": Object {
            "_id": "5b75f023f1957052e52106f5",
            "avatar": "//www.gravatar.com/avatar/254dbff8aa12a023b9f1052ad80b1831?s=200&r=pg&d=mm",
            "name": "John Grapard",
          },
        },
        Object {
          "_id": "5ba1de21f0b9f73054396abf",
          "date": "2018-09-19T05:26:57.632Z",
          "text": "Nuka proverim esli oshibka ostalas...",
          "user": Object {
            "_id": "5b75f023f1957052e52106f5",
            "avatar": "//www.gravatar.com/avatar/254dbff8aa12a023b9f1052ad80b1831?s=200&r=pg&d=mm",
            "name": "John Grapard",
          },
        },
      ],
      "date": "2018-09-17T06:18:16.992Z",
      "likes": Array [
        Object {
          "_id": "5ba1dd61809c892f580240ed",
          "user": "5b75f023f1957052e52106f5",
        },
        Object {
          "_id": "5ba80533058247301e362bf9",
          "user": "5ba1acfc13b542138b29af68",
        },
        Object {
          "_id": "5ba847153c823e00161763b5",
          "user": "5ba83562ed730446b54def34",
        },
      ],
      "text": "Tas nisl commlor sit amet, consec!",
      "user": Object {
        "_id": "5b9eedd621194c102c5280e8",
        "avatar": "//www.gravatar.com/avatar/e13743a7f1db7f4246badd6fd6ff54ff?s=200&r=pg&d=mm",
        "name": "John Doe",
      },
    }
  }
/>
`;

exports[`FeedContent snapshots matches snapshot 1`] = `
<Fragment>
  <Route
    path="/view-comments/:postId"
    render={[Function]}
  />
  <div
    className="Feed-body"
  >
    <withRouter(Connect(Post))
      __v={0}
      _id="5b9f4728bc40273febf52706"
      comments={
        Array [
          Object {
            "_id": "5ba1dd77809c892f580240ef",
            "date": "2018-09-19T05:24:07.399Z",
            "text": "Hahahahahahahaaa!",
            "user": Object {
              "_id": "5b75f023f1957052e52106f5",
              "avatar": "//www.gravatar.com/avatar/254dbff8aa12a023b9f1052ad80b1831?s=200&r=pg&d=mm",
              "name": "John Grapard",
            },
          },
          Object {
            "_id": "5ba1de21f0b9f73054396abf",
            "date": "2018-09-19T05:26:57.632Z",
            "text": "Nuka proverim esli oshibka ostalas...",
            "user": Object {
              "_id": "5b75f023f1957052e52106f5",
              "avatar": "//www.gravatar.com/avatar/254dbff8aa12a023b9f1052ad80b1831?s=200&r=pg&d=mm",
              "name": "John Grapard",
            },
          },
        ]
      }
      date="2018-09-17T06:18:16.992Z"
      key="5b9f4728bc40273febf52706"
      likes={
        Array [
          Object {
            "_id": "5ba1dd61809c892f580240ed",
            "user": "5b75f023f1957052e52106f5",
          },
          Object {
            "_id": "5ba80533058247301e362bf9",
            "user": "5ba1acfc13b542138b29af68",
          },
          Object {
            "_id": "5ba847153c823e00161763b5",
            "user": "5ba83562ed730446b54def34",
          },
        ]
      }
      text="Tas nisl commlor sit amet, consec!"
      user={
        Object {
          "_id": "5b9eedd621194c102c5280e8",
          "avatar": "//www.gravatar.com/avatar/e13743a7f1db7f4246badd6fd6ff54ff?s=200&r=pg&d=mm",
          "name": "John Doe",
        }
      }
    />
  </div>
</Fragment>
`;
